{"title"=>"Africa", "countries"=>[{"name"=>"Algeria", "url"=>"https://www.arrivalguides.com/en/Travelguides/Africa/Algeria"}, {"name"=>"Cape Verde", "url"=>"https://www.arrivalguides.com/en/Travelguides/Africa/Cape%20Verde"}, {"name"=>"Egypt", "url"=>"https://www.arrivalguides.com/en/Travelguides/Africa/Egypt"}, {"name"=>"Ethiopia", "url"=>"https://www.arrivalguides.com/en/Travelguides/Africa/Ethiopia"}, {"name"=>"Gambia", "url"=>"https://www.arrivalguides.com/en/Travelguides/Africa/Gambia"}, {"name"=>"Kenya", "url"=>"https://www.arrivalguides.com/en/Travelguides/Africa/Kenya"}, {"name"=>"Mauritius", "url"=>"https://www.arrivalguides.com/en/Travelguides/Africa/Mauritius"}, {"name"=>"Morocco", "url"=>"https://www.arrivalguides.com/en/Travelguides/Africa/Morocco"}, {"name"=>"Namibia", "url"=>"https://www.arrivalguides.com/en/Travelguides/Africa/Namibia"}, {"name"=>"RÃ©union", "url"=>"https://www.arrivalguides.com/en/Travelguides/Africa/R%C3%A9union"}, {"name"=>"Senegal", "url"=>"https://www.arrivalguides.com/en/Travelguides/Africa/Senegal"}, {"name"=>"Seychelles", "url"=>"https://www.arrivalguides.com/en/Travelguides/Africa/Seychelles"}, {"name"=>"South Africa", "url"=>"https://www.arrivalguides.com/en/Travelguides/Africa/South%20Africa"}, {"name"=>"Tanzania", "url"=>"https://www.arrivalguides.com/en/Travelguides/Africa/Tanzania"}, {"name"=>"Tunisia", "url"=>"https://www.arrivalguides.com/en/Travelguides/Africa/Tunisia"}]}